// Jest Snapshot v1, https://goo.gl/fbAQLP

exports[`snapshot renders 1`] = `
<div
  className="app"
>
  <div
    class="loginform"
  >
    <h1>
      Log in Now
    </h1>
    <form
      onSubmit={[Function]}
    >
      <input
        class="inputbox"
        name="email"
        onChange={[Function]}
        placeholder="Email"
        required={true}
        type="email"
        value=""
      />
      <br />
      <input
        class="inputbox"
        name="password"
        onChange={[Function]}
        placeholder="Password"
        required={true}
        type="password"
        value=""
      />
      <br />
      <button
        class="butooon"
        type="submit"
      >
        Login
      </button>
      <hr />
      <p>
        Dont have an account ? 
        <a
          href="/auth/reg"
          onClick={[Function]}
        >
           Sgin up
        </a>
         
      </p>
    </form>
  </div>
</div>
`;
